[INFO] [launch]: All log files can be found below /tmp/embodied-v02-clean-5d2b4b8/ros-logs/2026-09-19-23-18-47-566967-fatbro-Lenovo-Legion-R9000P2021H-198724
[INFO] [launch]: Default logging verbosity is set to INFO
[INFO] [sensor_simulator-1]: process started with pid [198727]
[INFO] [task_executor-2]: process started with pid [198728]
[INFO] [status_monitor-3]: process started with pid [198729]
[status_monitor-3] [INFO] [1789831128.061962658] [status_monitor]: 监控器已启动：话题=/sensor_state，超时=1.50 秒
[sensor_simulator-1] [INFO] [1789831128.074685144] [sensor_simulator]: 传感器已启动：话题=/sensor_state，频率=5.00 Hz
[task_executor-2] [INFO] [1789831128.083488898] [task_executor]: 执行器已启动：话题=/sensor_state_wrong，等待传感器数据
[sensor_simulator-1] [INFO] [1789831128.260969817] [sensor_simulator]: 发布：{"seq": 1, "value": 0.0}
[sensor_simulator-1] [INFO] [1789831128.460753042] [sensor_simulator]: 发布：{"seq": 2, "value": 1.0}
[status_monitor-3] [INFO] [1789831128.461231544] [status_monitor]: 收到传感器：seq=2，value=1.0
[sensor_simulator-1] [INFO] [1789831128.660718183] [sensor_simulator]: 发布：{"seq": 3, "value": 2.0}
[status_monitor-3] [INFO] [1789831128.661239843] [status_monitor]: 收到传感器：seq=3，value=2.0
[sensor_simulator-1] [INFO] [1789831128.860623058] [sensor_simulator]: 发布：{"seq": 4, "value": 3.0}
[status_monitor-3] [INFO] [1789831128.861142413] [status_monitor]: 收到传感器：seq=4，value=3.0
[sensor_simulator-1] [INFO] [1789831129.060652594] [sensor_simulator]: 发布：{"seq": 5, "value": 4.0}
[status_monitor-3] [INFO] [1789831129.061056095] [status_monitor]: 收到传感器：seq=5，value=4.0
[sensor_simulator-1] [INFO] [1789831129.260710362] [sensor_simulator]: 发布：{"seq": 6, "value": 5.0}
[status_monitor-3] [INFO] [1789831129.260995424] [status_monitor]: 收到传感器：seq=6，value=5.0
[sensor_simulator-1] [INFO] [1789831129.460667568] [sensor_simulator]: 发布：{"seq": 7, "value": 6.0}
[status_monitor-3] [INFO] [1789831129.461095092] [status_monitor]: 收到传感器：seq=7，value=6.0
[sensor_simulator-1] [INFO] [1789831129.660540206] [sensor_simulator]: 发布：{"seq": 8, "value": 7.0}
[status_monitor-3] [INFO] [1789831129.660884487] [status_monitor]: 收到传感器：seq=8，value=7.0
[sensor_simulator-1] [INFO] [1789831129.860553140] [sensor_simulator]: 发布：{"seq": 9, "value": 8.0}
[status_monitor-3] [INFO] [1789831129.860739597] [status_monitor]: 收到传感器：seq=9，value=8.0
[sensor_simulator-1] [INFO] [1789831130.060615524] [sensor_simulator]: 发布：{"seq": 10, "value": 9.0}
[status_monitor-3] [INFO] [1789831130.060817763] [status_monitor]: 收到传感器：seq=10，value=9.0
[sensor_simulator-1] [INFO] [1789831130.260597408] [sensor_simulator]: 发布：{"seq": 11, "value": 10.0}
[status_monitor-3] [INFO] [1789831130.260844550] [status_monitor]: 收到传感器：seq=11，value=10.0
[sensor_simulator-1] [INFO] [1789831130.460603943] [sensor_simulator]: 发布：{"seq": 12, "value": 11.0}
[status_monitor-3] [INFO] [1789831130.460984329] [status_monitor]: 收到传感器：seq=12，value=11.0
[sensor_simulator-1] [INFO] [1789831130.660615437] [sensor_simulator]: 发布：{"seq": 13, "value": 12.0}
[status_monitor-3] [INFO] [1789831130.660787438] [status_monitor]: 收到传感器：seq=13，value=12.0
[sensor_simulator-1] [INFO] [1789831130.860608075] [sensor_simulator]: 发布：{"seq": 14, "value": 13.0}
[status_monitor-3] [INFO] [1789831130.860810244] [status_monitor]: 收到传感器：seq=14，value=13.0
[task_executor-2] [INFO] [1789831130.967021890] [task_executor]: 任务结果：task_id=1，没有有效传感器数据：尚未收到格式合法的读数
[status_monitor-3] [INFO] [1789831130.967208277] [status_monitor]: 收到任务结果：task_id=1，success=False，sensor_seq=None，没有有效传感器数据：尚未收到格式合法的读数
[WARNING] [launch]: user interrupted with ctrl-c (SIGINT)
[INFO] [status_monitor-3]: sending signal 'SIGINT' to process[status_monitor-3]
[INFO] [task_executor-2]: sending signal 'SIGINT' to process[task_executor-2]
[INFO] [sensor_simulator-1]: sending signal 'SIGINT' to process[sensor_simulator-1]
[INFO] [task_executor-2]: process has finished cleanly [pid 198728]
[INFO] [sensor_simulator-1]: process has finished cleanly [pid 198727]
[INFO] [status_monitor-3]: process has finished cleanly [pid 198729]
