header:
  stamp:
    sec: 1789898107
    nanosec: 320614196
  frame_id: tool0
ns: inspection_target
id: 0
type: 1
action: 0
pose:
  position:
    x: 0.25
    y: 0.0
    z: 0.0
  orientation:
    x: 0.0
    y: 0.0
    z: 0.0
    w: 1.0
scale:
  x: 0.2
  y: 0.14
  z: 0.06
color:
  r: 0.10000000149011612
  g: 0.8500000238418579
  b: 0.25
  a: 0.949999988079071
lifetime:
  sec: 0
  nanosec: 0
frame_locked: true
points: []
colors: []
texture_resource: ''
texture:
  header:
    stamp:
      sec: 0
      nanosec: 0
    frame_id: ''
  format: ''
  data: []
uv_coordinates: []
text: ''
mesh_resource: ''
mesh_file:
  filename: ''
  data: []
mesh_use_embedded_materials: false
---
