[INFO] [1789897911.578397824] [tf2_echo]: Waiting for transform world -> tool0: Invalid frame ID "world" passed to canTransform argument target_frame - frame does not exist
At time 1789897912.523894705
- Translation: [1.058, -0.128, 0.835]
- Rotation: in Quaternion (xyzw) [0.015, -0.173, 0.086, 0.981]
- Rotation: in RPY (radian) [-0.000, -0.349, 0.175]
- Rotation: in RPY (degree) [-0.000, -20.000, 10.000]
- Matrix:
  0.925 -0.174 -0.337  1.058
  0.163  0.985 -0.059 -0.128
  0.342 -0.000  0.940  0.835
  0.000  0.000  0.000  1.000
At time 1789897913.523896569
- Translation: [1.058, -0.128, 0.835]
- Rotation: in Quaternion (xyzw) [0.015, -0.173, 0.086, 0.981]
- Rotation: in RPY (radian) [-0.000, -0.349, 0.175]
- Rotation: in RPY (degree) [-0.000, -20.000, 10.000]
- Matrix:
  0.925 -0.174 -0.337  1.058
  0.163  0.985 -0.059 -0.128
  0.342 -0.000  0.940  0.835
  0.000  0.000  0.000  1.000
[INFO] [1789897914.324930031] [rclcpp]: signal_handler(SIGINT/SIGTERM)
