四场景真实 Launch 关键事件摘录（2026-09-28）

[QoS 不匹配]
[INFO] [sensor_simulator]: 传感器已启动：话题=/sensor_state，频率=20.00 Hz，可靠性=best_effort，停止故障=0.00 秒
[WARN] [status_monitor]: 传感器消息超时：已 0.41 秒没有有效消息
[INFO] [task_executor]: 任务结果：task_id=1，没有有效传感器数据：尚未收到格式合法的读数

[话题停止]
[INFO] [sensor_simulator]: 传感器已启动：话题=/sensor_state，频率=20.00 Hz，可靠性=reliable，停止故障=2.00 秒
[WARN] [sensor_simulator]: 故障注入：节点与 Publisher 保持存活，但 /sensor_state 停止发布，最后序号=40
[WARN] [status_monitor]: 传感器消息超时：已 0.42 秒没有有效消息
[INFO] [task_executor]: 任务结果：task_id=1，传感器数据已过期：last_seq=40，age=1.55 秒，阈值=0.40 秒

[TF 缺失]
[INFO] [workcell_visualizer]: 质检工位可视化已启动：world → base_link → camera_link → tool0，频率=20.00 Hz，Marker=/inspection_target_marker，TF 故障模式=missing
[WARN] [workcell_visualizer]: 故障注入：不发布 base_link → camera_link，world → tool0 坐标链缺失
[INFO] [task_executor]: 任务结果：task_id=1，检查通过：seq=59，value=58.0

[TF 过期]
[INFO] [workcell_visualizer]: 质检工位可视化已启动：world → base_link → camera_link → tool0，频率=20.00 Hz，Marker=/inspection_target_marker，TF 故障模式=stale
[INFO] [spatial_health_monitor]: 空间健康监控已启动：world → tool0，TF 新鲜度=0.40 秒，诊断频率=20.00 Hz
[WARN] [workcell_visualizer]: 故障注入：停止刷新 base_link → camera_link 动态 TF；节点、TF Publisher 和 Marker Publisher 保持存活
[INFO] [task_executor]: 任务结果：task_id=1，检查通过：seq=91，value=90.0

每个场景最后均记录：
sensor_simulator / task_executor / status_monitor / workcell_visualizer / spatial_health_monitor
process has finished cleanly
