[INFO] [launch]: All log files can be found below /home/fatbro/.ros/log/2026-09-19-19-40-58-297242-fatbro-Lenovo-Legion-R9000P2021H-126660
[INFO] [launch]: Default logging verbosity is set to INFO
[INFO] [sensor_simulator-1]: process started with pid [126663]
[INFO] [task_executor-2]: process started with pid [126664]
[INFO] [status_monitor-3]: process started with pid [126665]
[sensor_simulator-1] [INFO] [1789818058.745626669] [sensor_simulator]: 传感器已启动：话题=/sensor_state，频率=5.00 Hz
[task_executor-2] [INFO] [1789818058.765121844] [task_executor]: 执行器已启动：话题=/sensor_state，等待传感器数据
[status_monitor-3] [INFO] [1789818058.766428367] [status_monitor]: 监控器已启动：话题=/sensor_state，超时=1.50 秒
[sensor_simulator-1] [INFO] [1789818058.931347557] [sensor_simulator]: 发布：seq=1，value=0.0
[status_monitor-3] [INFO] [1789818059.044692375] [status_monitor]: 收到传感器：seq=1，value=0.0
[task_executor-2] [INFO] [1789818059.044712279] [task_executor]: 最新传感器：seq=1，value=0.0，累计接收=1
[sensor_simulator-1] [INFO] [1789818059.131047757] [sensor_simulator]: 发布：seq=2，value=1.0
[task_executor-2] [INFO] [1789818059.131247224] [task_executor]: 最新传感器：seq=2，value=1.0，累计接收=2
[status_monitor-3] [INFO] [1789818059.131363580] [status_monitor]: 收到传感器：seq=2，value=1.0
[sensor_simulator-1] [INFO] [1789818059.331020758] [sensor_simulator]: 发布：seq=3，value=2.0
[status_monitor-3] [INFO] [1789818059.331243272] [status_monitor]: 收到传感器：seq=3，value=2.0
[task_executor-2] [INFO] [1789818059.331305710] [task_executor]: 最新传感器：seq=3，value=2.0，累计接收=3
[sensor_simulator-1] [INFO] [1789818059.530981606] [sensor_simulator]: 发布：seq=4，value=3.0
[task_executor-2] [INFO] [1789818059.531227168] [task_executor]: 最新传感器：seq=4，value=3.0，累计接收=4
[status_monitor-3] [INFO] [1789818059.531293378] [status_monitor]: 收到传感器：seq=4，value=3.0
[sensor_simulator-1] [INFO] [1789818059.730983940] [sensor_simulator]: 发布：seq=5，value=4.0
[status_monitor-3] [INFO] [1789818059.731261001] [status_monitor]: 收到传感器：seq=5，value=4.0
[task_executor-2] [INFO] [1789818059.731270429] [task_executor]: 最新传感器：seq=5，value=4.0，累计接收=5
[status_monitor-3] [INFO] [1789818059.931251252] [status_monitor]: 收到传感器：seq=6，value=5.0
[sensor_simulator-1] [INFO] [1789818059.931303633] [sensor_simulator]: 发布：seq=6，value=5.0
[task_executor-2] [INFO] [1789818059.931331220] [task_executor]: 最新传感器：seq=6，value=5.0，累计接收=6
[sensor_simulator-1] [INFO] [1789818060.131280894] [sensor_simulator]: 发布：seq=7，value=6.0
[status_monitor-3] [INFO] [1789818060.131351085] [status_monitor]: 收到传感器：seq=7，value=6.0
[task_executor-2] [INFO] [1789818060.131354856] [task_executor]: 最新传感器：seq=7，value=6.0，累计接收=7
[sensor_simulator-1] [INFO] [1789818060.331225399] [sensor_simulator]: 发布：seq=8，value=7.0
[task_executor-2] [INFO] [1789818060.331251241] [task_executor]: 最新传感器：seq=8，value=7.0，累计接收=8
[status_monitor-3] [INFO] [1789818060.331268771] [status_monitor]: 收到传感器：seq=8，value=7.0
[sensor_simulator-1] [INFO] [1789818060.530978190] [sensor_simulator]: 发布：seq=9，value=8.0
[status_monitor-3] [INFO] [1789818060.531158521] [status_monitor]: 收到传感器：seq=9，value=8.0
[task_executor-2] [INFO] [1789818060.531244565] [task_executor]: 最新传感器：seq=9，value=8.0，累计接收=9
[sensor_simulator-1] [INFO] [1789818060.731015724] [sensor_simulator]: 发布：seq=10，value=9.0
[status_monitor-3] [INFO] [1789818060.731198150] [status_monitor]: 收到传感器：seq=10，value=9.0
[task_executor-2] [INFO] [1789818060.731247807] [task_executor]: 最新传感器：seq=10，value=9.0，累计接收=10
[sensor_simulator-1] [INFO] [1789818060.930949963] [sensor_simulator]: 发布：seq=11，value=10.0
[task_executor-2] [INFO] [1789818060.931211379] [task_executor]: 最新传感器：seq=11，value=10.0，累计接收=11
[status_monitor-3] [INFO] [1789818060.931288274] [status_monitor]: 收到传感器：seq=11，value=10.0
[sensor_simulator-1] [INFO] [1789818061.131017319] [sensor_simulator]: 发布：seq=12，value=11.0
[status_monitor-3] [INFO] [1789818061.131247028] [status_monitor]: 收到传感器：seq=12，value=11.0
[task_executor-2] [INFO] [1789818061.131248494] [task_executor]: 最新传感器：seq=12，value=11.0，累计接收=12
[sensor_simulator-1] [INFO] [1789818061.331016650] [sensor_simulator]: 发布：seq=13，value=12.0
[task_executor-2] [INFO] [1789818061.331186155] [task_executor]: 最新传感器：seq=13，value=12.0，累计接收=13
[status_monitor-3] [INFO] [1789818061.331329540] [status_monitor]: 收到传感器：seq=13，value=12.0
[sensor_simulator-1] [INFO] [1789818061.531049924] [sensor_simulator]: 发布：seq=14，value=13.0
[status_monitor-3] [INFO] [1789818061.531230185] [status_monitor]: 收到传感器：seq=14，value=13.0
[task_executor-2] [INFO] [1789818061.531296464] [task_executor]: 最新传感器：seq=14，value=13.0，累计接收=14
[task_executor-2] [INFO] [1789818061.714970161] [task_executor]: 任务结果：task_id=1，检查通过：seq=14，value=13.0
[status_monitor-3] [INFO] [1789818061.715011158] [status_monitor]: 收到任务结果：task_id=1，success=True，sensor_seq=14，检查通过：seq=14，value=13.0
[WARNING] [launch]: user interrupted with ctrl-c (SIGINT)
[INFO] [status_monitor-3]: sending signal 'SIGINT' to process[status_monitor-3]
[INFO] [task_executor-2]: sending signal 'SIGINT' to process[task_executor-2]
[INFO] [sensor_simulator-1]: sending signal 'SIGINT' to process[sensor_simulator-1]
[INFO] [status_monitor-3]: process has finished cleanly [pid 126665]
[INFO] [sensor_simulator-1]: process has finished cleanly [pid 126663]
[INFO] [task_executor-2]: process has finished cleanly [pid 126664]
