[INFO] [launch]: All log files can be found below /home/fatbro/.ros/log/2026-09-19-19-41-02-299172-fatbro-Lenovo-Legion-R9000P2021H-126715
[INFO] [launch]: Default logging verbosity is set to INFO
[INFO] [sensor_simulator-1]: process started with pid [126718]
[INFO] [task_executor-2]: process started with pid [126719]
[INFO] [status_monitor-3]: process started with pid [126720]
[status_monitor-3] [INFO] [1789818062.758291803] [status_monitor]: 监控器已启动：话题=/sensor_state，超时=1.50 秒
[sensor_simulator-1] [INFO] [1789818062.772466810] [sensor_simulator]: 传感器已启动：话题=/sensor_state，频率=5.00 Hz
[task_executor-2] [INFO] [1789818062.777848927] [task_executor]: 执行器已启动：话题=/sensor_state_wrong，等待传感器数据
[sensor_simulator-1] [INFO] [1789818062.958753414] [sensor_simulator]: 发布：seq=1，value=0.0
[sensor_simulator-1] [INFO] [1789818063.158761894] [sensor_simulator]: 发布：seq=2，value=1.0
[status_monitor-3] [INFO] [1789818063.159132821] [status_monitor]: 收到传感器：seq=2，value=1.0
[sensor_simulator-1] [INFO] [1789818063.358725745] [sensor_simulator]: 发布：seq=3，value=2.0
[status_monitor-3] [INFO] [1789818063.359057213] [status_monitor]: 收到传感器：seq=3，value=2.0
[sensor_simulator-1] [INFO] [1789818063.558745889] [sensor_simulator]: 发布：seq=4，value=3.0
[status_monitor-3] [INFO] [1789818063.559014499] [status_monitor]: 收到传感器：seq=4，value=3.0
[sensor_simulator-1] [INFO] [1789818063.758755207] [sensor_simulator]: 发布：seq=5，value=4.0
[status_monitor-3] [INFO] [1789818063.758939938] [status_monitor]: 收到传感器：seq=5，value=4.0
[sensor_simulator-1] [INFO] [1789818063.958788062] [sensor_simulator]: 发布：seq=6，value=5.0
[status_monitor-3] [INFO] [1789818063.959091174] [status_monitor]: 收到传感器：seq=6，value=5.0
[sensor_simulator-1] [INFO] [1789818064.158678441] [sensor_simulator]: 发布：seq=7，value=6.0
[status_monitor-3] [INFO] [1789818064.159069413] [status_monitor]: 收到传感器：seq=7，value=6.0
[sensor_simulator-1] [INFO] [1789818064.358726521] [sensor_simulator]: 发布：seq=8，value=7.0
[status_monitor-3] [INFO] [1789818064.358969849] [status_monitor]: 收到传感器：seq=8，value=7.0
[sensor_simulator-1] [INFO] [1789818064.559287866] [sensor_simulator]: 发布：seq=9，value=8.0
[status_monitor-3] [INFO] [1789818064.559917486] [status_monitor]: 收到传感器：seq=9，value=8.0
[sensor_simulator-1] [INFO] [1789818064.758681113] [sensor_simulator]: 发布：seq=10，value=9.0
[status_monitor-3] [INFO] [1789818064.758956358] [status_monitor]: 收到传感器：seq=10，value=9.0
[sensor_simulator-1] [INFO] [1789818064.958746863] [sensor_simulator]: 发布：seq=11，value=10.0
[status_monitor-3] [INFO] [1789818064.958932362] [status_monitor]: 收到传感器：seq=11，value=10.0
[sensor_simulator-1] [INFO] [1789818065.158743122] [sensor_simulator]: 发布：seq=12，value=11.0
[status_monitor-3] [INFO] [1789818065.159015433] [status_monitor]: 收到传感器：seq=12，value=11.0
[sensor_simulator-1] [INFO] [1789818065.358753069] [sensor_simulator]: 发布：seq=13，value=12.0
[status_monitor-3] [INFO] [1789818065.359006383] [status_monitor]: 收到传感器：seq=13，value=12.0
[sensor_simulator-1] [INFO] [1789818065.558750025] [sensor_simulator]: 发布：seq=14，value=13.0
[status_monitor-3] [INFO] [1789818065.558940133] [status_monitor]: 收到传感器：seq=14，value=13.0
[task_executor-2] [INFO] [1789818065.722484356] [task_executor]: 任务结果：task_id=1，没有有效传感器数据：尚未收到格式合法的读数
[status_monitor-3] [INFO] [1789818065.722615588] [status_monitor]: 收到任务结果：task_id=1，success=False，sensor_seq=None，没有有效传感器数据：尚未收到格式合法的读数
[WARNING] [launch]: user interrupted with ctrl-c (SIGINT)
[INFO] [status_monitor-3]: sending signal 'SIGINT' to process[status_monitor-3]
[INFO] [task_executor-2]: sending signal 'SIGINT' to process[task_executor-2]
[INFO] [sensor_simulator-1]: sending signal 'SIGINT' to process[sensor_simulator-1]
[INFO] [status_monitor-3]: process has finished cleanly [pid 126720]
[INFO] [task_executor-2]: process has finished cleanly [pid 126719]
[INFO] [sensor_simulator-1]: process has finished cleanly [pid 126718]
