[INFO] [1789830679.014910081] [minimal_subscriber]: I heard: "Hello World: 0"
[INFO] [1789830679.501984450] [minimal_subscriber]: I heard: "Hello World: 1"
[INFO] [1789830680.001830874] [minimal_subscriber]: I heard: "Hello World: 2"
[INFO] [1789830680.501897895] [minimal_subscriber]: I heard: "Hello World: 3"
[INFO] [1789830681.001969037] [minimal_subscriber]: I heard: "Hello World: 4"
[INFO] [1789830681.501925136] [minimal_subscriber]: I heard: "Hello World: 5"
[INFO] [1789830682.001943168] [minimal_subscriber]: I heard: "Hello World: 6"
[INFO] [1789830682.501800702] [minimal_subscriber]: I heard: "Hello World: 7"
[INFO] [1789830683.001904571] [minimal_subscriber]: I heard: "Hello World: 8"
[INFO] [1789830683.501883620] [minimal_subscriber]: I heard: "Hello World: 9"
[INFO] [1789830684.002015163] [minimal_subscriber]: I heard: "Hello World: 10"
[INFO] [1789830684.502018322] [minimal_subscriber]: I heard: "Hello World: 11"
[INFO] [1789830685.002174255] [minimal_subscriber]: I heard: "Hello World: 12"
[INFO] [1789830685.501973830] [minimal_subscriber]: I heard: "Hello World: 13"
[INFO] [1789830686.002132437] [minimal_subscriber]: I heard: "Hello World: 14"
Traceback (most recent call last):
  File "/tmp/embodied-official-stage6/install/examples_rclpy_minimal_subscriber/lib/examples_rclpy_minimal_subscriber/subscriber_member_function", line 33, in <module>
    sys.exit(load_entry_point('examples-rclpy-minimal-subscriber', 'console_scripts', 'subscriber_member_function')())
             ^^^^^^^^^^^^^^^^^^^^^^^^^^^^^^^^^^^^^^^^^^^^^^^^^^^^^^^^^^^^^^^^^^^^^^^^^^^^^^^^^^^^^^^^^^^^^^^^^^^^^^^^
  File "/tmp/embodied-official-stage6/build/examples_rclpy_minimal_subscriber/examples_rclpy_minimal_subscriber/subscriber_member_function.py", line 41, in main
    rclpy.spin(minimal_subscriber)
  File "/opt/ros/jazzy/lib/python3.12/site-packages/rclpy/__init__.py", line 247, in spin
    executor.spin_once()
  File "/opt/ros/jazzy/lib/python3.12/site-packages/rclpy/executors.py", line 926, in spin_once
    self._spin_once_impl(timeout_sec)
  File "/opt/ros/jazzy/lib/python3.12/site-packages/rclpy/executors.py", line 916, in _spin_once_impl
    handler()
  File "/opt/ros/jazzy/lib/python3.12/site-packages/rclpy/task.py", line 270, in __call__
    self._execute_coroutine_step(self._handler)
  File "/opt/ros/jazzy/lib/python3.12/site-packages/rclpy/task.py", line 286, in _execute_coroutine_step
    result = coro.send(None)
             ^^^^^^^^^^^^^^^
  File "/opt/ros/jazzy/lib/python3.12/site-packages/rclpy/executors.py", line 601, in handler
    gc.trigger()
  File "/opt/ros/jazzy/lib/python3.12/site-packages/rclpy/guard_condition.py", line 34, in trigger
    self.__gc.trigger_guard_condition()
KeyboardInterrupt
[ros2run]: Interrupt
